// Vitest Snapshot v1, https://vitest.dev/guide/snapshot.html

exports[`Field > renders and resolves children 1`] = `
[
  "<cursor.hide>",
  "[90mâ”‚[39m
[36mâ—†[39m  enter some text
[36mâ”‚[39m  [7m[8m_[28m[27m
[36mâ””[39m
",
  "<cursor.backward count=999><cursor.up count=4>",
  "<cursor.down count=2>",
  "<erase.line><cursor.left count=1>",
  "[36mâ”‚[39m  aâ–ˆ",
  "<cursor.down count=2>",
  "<cursor.backward count=999><cursor.up count=4>",
  "<cursor.down count=2>",
  "<erase.line><cursor.left count=1>",
  "[36mâ”‚[39m  abâ–ˆ",
  "<cursor.down count=2>",
  "<cursor.backward count=999><cursor.up count=4>",
  "<cursor.down count=1>",
  "<erase.down>",
  "[32mâ—‡[39m  enter some text
[90mâ”‚[39m  [2mab[22m",
  "
",
  "<cursor.show>",
]
`;

exports[`Field > resolves multiple children into array 1`] = `
[
  "<cursor.hide>",
  "[90mâ”‚[39m
[36mâ—†[39m  enter some text
[36mâ”‚[39m  [7m[8m_[28m[27m
[36mâ””[39m
",
  "<cursor.backward count=999><cursor.up count=4>",
  "<cursor.down count=2>",
  "<erase.line><cursor.left count=1>",
  "[36mâ”‚[39m  aâ–ˆ",
  "<cursor.down count=2>",
  "<cursor.backward count=999><cursor.up count=4>",
  "<cursor.down count=1>",
  "<erase.down>",
  "[32mâ—‡[39m  enter some text
[90mâ”‚[39m  [2ma[22m",
  "
",
  "<cursor.show>",
  "<cursor.hide>",
  "[90mâ”‚[39m
[36mâ—†[39m  enter some more text
[36mâ”‚[39m  [7m[8m_[28m[27m
[36mâ””[39m
",
  "<cursor.backward count=999><cursor.up count=4>",
  "<cursor.down count=2>",
  "<erase.line><cursor.left count=1>",
  "[36mâ”‚[39m  bâ–ˆ",
  "<cursor.down count=2>",
  "<cursor.backward count=999><cursor.up count=4>",
  "<cursor.down count=1>",
  "<erase.down>",
  "[32mâ—‡[39m  enter some more text
[90mâ”‚[39m  [2mb[22m",
  "
",
  "<cursor.show>",
]
`;
