// Vitest Snapshot v1, https://vitest.dev/guide/snapshot.html

exports[`Password > can set custom mask 1`] = `
[
  "<cursor.hide>",
  "[90mâ”‚[39m
[36mâ—†[39m  foo
[36mâ”‚[39m  [7m[8m_[28m[27m
[36mâ””[39m
",
  "<cursor.backward count=999><cursor.up count=4>",
  "<cursor.down count=2>",
  "<erase.line><cursor.left count=1>",
  "[36mâ”‚[39m  ![7m[8m_[28m[27m",
  "<cursor.down count=2>",
  "<cursor.backward count=999><cursor.up count=4>",
  "<cursor.down count=2>",
  "<erase.line><cursor.left count=1>",
  "[36mâ”‚[39m  !![7m[8m_[28m[27m",
  "<cursor.down count=2>",
  "<cursor.backward count=999><cursor.up count=4>",
  "<cursor.down count=1>",
  "<erase.down>",
  "[32mâ—‡[39m  foo
[90mâ”‚[39m  [2m!![22m",
  "
",
  "<cursor.show>",
]
`;

exports[`Password > renders password input 1`] = `
[
  "<cursor.hide>",
  "[90mâ”‚[39m
[36mâ—†[39m  foo
[36mâ”‚[39m  [7m[8m_[28m[27m
[36mâ””[39m
",
  "<cursor.backward count=999><cursor.up count=4>",
  "<cursor.down count=1>",
  "<erase.down>",
  "[32mâ—‡[39m  foo
[90mâ”‚[39m",
  "
",
  "<cursor.show>",
]
`;

exports[`Password > renders user input 1`] = `
[
  "<cursor.hide>",
  "[90mâ”‚[39m
[36mâ—†[39m  foo
[36mâ”‚[39m  [7m[8m_[28m[27m
[36mâ””[39m
",
  "<cursor.backward count=999><cursor.up count=4>",
  "<cursor.down count=2>",
  "<erase.line><cursor.left count=1>",
  "[36mâ”‚[39m  â–ª[7m[8m_[28m[27m",
  "<cursor.down count=2>",
  "<cursor.backward count=999><cursor.up count=4>",
  "<cursor.down count=2>",
  "<erase.line><cursor.left count=1>",
  "[36mâ”‚[39m  â–ªâ–ª[7m[8m_[28m[27m",
  "<cursor.down count=2>",
  "<cursor.backward count=999><cursor.up count=4>",
  "<cursor.down count=1>",
  "<erase.down>",
  "[32mâ—‡[39m  foo
[90mâ”‚[39m  [2mâ–ªâ–ª[22m",
  "
",
  "<cursor.show>",
]
`;
