// Vitest Snapshot v1, https://vitest.dev/guide/snapshot.html

exports[`Text > can set default value 1`] = `
[
  "<cursor.hide>",
  "[90mâ”‚[39m
[36mâ—†[39m  foo
[36mâ”‚[39m  [7m[8m_[28m[27m
[36mâ””[39m
",
  "<cursor.backward count=999><cursor.up count=4>",
  "<cursor.down count=1>",
  "<erase.down>",
  "[32mâ—‡[39m  foo
[90mâ”‚[39m  [2mbar[22m",
  "
",
  "<cursor.show>",
]
`;

exports[`Text > can set initial value 1`] = `
[
  "<cursor.hide>",
  "[90mâ”‚[39m
[36mâ—†[39m  foo
[36mâ”‚[39m  barâ–ˆ
[36mâ””[39m
",
  "<cursor.backward count=999><cursor.up count=4>",
  "<cursor.down count=1>",
  "<erase.down>",
  "[32mâ—‡[39m  foo
[90mâ”‚[39m  [2mbar[22m",
  "
",
  "<cursor.show>",
]
`;

exports[`Text > can set placeholder 1`] = `
[
  "<cursor.hide>",
  "[90mâ”‚[39m
[36mâ—†[39m  foo
[36mâ”‚[39m  [7mb[27m[2mar[22m
[36mâ””[39m
",
  "<cursor.backward count=999><cursor.up count=4>",
  "<cursor.down count=1>",
  "<erase.down>",
  "[32mâ—‡[39m  foo
[90mâ”‚[39m",
  "
",
  "<cursor.show>",
]
`;

exports[`Text > renders text input 1`] = `
[
  "<cursor.hide>",
  "[90mâ”‚[39m
[36mâ—†[39m  foo
[36mâ”‚[39m  [7m[8m_[28m[27m
[36mâ””[39m
",
  "<cursor.backward count=999><cursor.up count=4>",
  "<cursor.down count=1>",
  "<erase.down>",
  "[32mâ—‡[39m  foo
[90mâ”‚[39m",
  "
",
  "<cursor.show>",
]
`;
