// Vitest Snapshot v1, https://vitest.dev/guide/snapshot.html

exports[`autocomplete > can be aborted by a signal 1`] = `
[
  "<cursor.hide>",
  "[90m│[39m
[36m◆[39m  foo
[36m│[39m
[36m│[39m  [2mSearch:[22m [7m[8m_[28m[27m
[36m│[39m  [32m●[39m Apple
[36m│[39m  [2m○[22m [2mBanana[22m
[36m│[39m  [2m○[22m [2mCherry[22m
[36m│[39m  [2m○[22m [2mGrape[22m
[36m│[39m  [2m○[22m [2mOrange[22m
[36m│[39m  [2m[2m↑/↓[22m[2m to select • [2mEnter:[22m[2m confirm • [2mType:[22m[2m to search[22m
[36m└[39m",
  "
",
  "<cursor.show>",
]
`;

exports[`autocomplete > limits displayed options when maxItems is set 1`] = `
[
  "<cursor.hide>",
  "[90m│[39m
[36m◆[39m  Select an option
[36m│[39m
[36m│[39m  [2mSearch:[22m [7m[8m_[28m[27m
[36m│[39m  [32m●[39m Option 0
[36m│[39m  [2m○[22m [2mOption 1[22m
[36m│[39m  [2m○[22m [2mOption 2[22m
[36m│[39m  [2m○[22m [2mOption 3[22m
[36m│[39m  [2m○[22m [2mOption 4[22m
[36m│[39m  [2m...[22m
[36m│[39m  [2m[2m↑/↓[22m[2m to select • [2mEnter:[22m[2m confirm • [2mType:[22m[2m to search[22m
[36m└[39m",
  "<cursor.backward count=999><cursor.up count=11>",
  "<cursor.down count=1>",
  "<erase.down>",
  "[32m◇[39m  Select an option
[90m│[39m  [2mOption 0[22m",
  "
",
  "<cursor.show>",
]
`;

exports[`autocomplete > renders initial UI with message and instructions 1`] = `
[
  "<cursor.hide>",
  "[90m│[39m
[36m◆[39m  Select a fruit
[36m│[39m
[36m│[39m  [2mSearch:[22m [7m[8m_[28m[27m
[36m│[39m  [32m●[39m Apple
[36m│[39m  [2m○[22m [2mBanana[22m
[36m│[39m  [2m○[22m [2mCherry[22m
[36m│[39m  [2m○[22m [2mGrape[22m
[36m│[39m  [2m○[22m [2mOrange[22m
[36m│[39m  [2m[2m↑/↓[22m[2m to select • [2mEnter:[22m[2m confirm • [2mType:[22m[2m to search[22m
[36m└[39m",
  "<cursor.backward count=999><cursor.up count=10>",
  "<cursor.down count=1>",
  "<erase.down>",
  "[32m◇[39m  Select a fruit
[90m│[39m  [2mApple[22m",
  "
",
  "<cursor.show>",
]
`;

exports[`autocomplete > renders placeholder if set 1`] = `
[
  "<cursor.hide>",
  "[90m│[39m
[36m◆[39m  Select a fruit
[36m│[39m
[36m│[39m  [2mSearch:[22m [2mType to search...[22m
[36m│[39m  [32m●[39m Apple
[36m│[39m  [2m○[22m [2mBanana[22m
[36m│[39m  [2m○[22m [2mCherry[22m
[36m│[39m  [2m○[22m [2mGrape[22m
[36m│[39m  [2m○[22m [2mOrange[22m
[36m│[39m  [2m[2m↑/↓[22m[2m to select • [2mEnter:[22m[2m confirm • [2mType:[22m[2m to search[22m
[36m└[39m",
  "<cursor.backward count=999><cursor.up count=10>",
  "<cursor.down count=1>",
  "<erase.down>",
  "[32m◇[39m  Select a fruit
[90m│[39m  [2mApple[22m",
  "
",
  "<cursor.show>",
]
`;

exports[`autocomplete > shows hint when option has hint and is focused 1`] = `
[
  "<cursor.hide>",
  "[90m│[39m
[36m◆[39m  Select a fruit
[36m│[39m
[36m│[39m  [2mSearch:[22m [7m[8m_[28m[27m
[36m│[39m  [32m●[39m Apple
[36m│[39m  [2m○[22m [2mBanana[22m
[36m│[39m  [2m○[22m [2mCherry[22m
[36m│[39m  [2m○[22m [2mGrape[22m
[36m│[39m  [2m○[22m [2mOrange[22m
[36m│[39m  [2m○[22m [2mKiwi[22m
[36m│[39m  [2m[2m↑/↓[22m[2m to select • [2mEnter:[22m[2m confirm • [2mType:[22m[2m to search[22m
[36m└[39m",
  "<cursor.backward count=999><cursor.up count=11>",
  "<cursor.down count=3>",
  "<erase.down>",
  "[36m│[39m  [2mSearch:[22m
[36m│[39m  [2m○[22m [2mApple[22m
[36m│[39m  [32m●[39m Banana
[36m│[39m  [2m○[22m [2mCherry[22m
[36m│[39m  [2m○[22m [2mGrape[22m
[36m│[39m  [2m○[22m [2mOrange[22m
[36m│[39m  [2m○[22m [2mKiwi[22m
[36m│[39m  [2m[2m↑/↓[22m[2m to select • [2mEnter:[22m[2m confirm • [2mType:[22m[2m to search[22m
[36m└[39m",
  "<cursor.backward count=999><cursor.up count=11>",
  "<cursor.down count=5>",
  "<erase.down>",
  "[36m│[39m  [2m○[22m [2mBanana[22m
[36m│[39m  [32m●[39m Cherry
[36m│[39m  [2m○[22m [2mGrape[22m
[36m│[39m  [2m○[22m [2mOrange[22m
[36m│[39m  [2m○[22m [2mKiwi[22m
[36m│[39m  [2m[2m↑/↓[22m[2m to select • [2mEnter:[22m[2m confirm • [2mType:[22m[2m to search[22m
[36m└[39m",
  "<cursor.backward count=999><cursor.up count=11>",
  "<cursor.down count=6>",
  "<erase.down>",
  "[36m│[39m  [2m○[22m [2mCherry[22m
[36m│[39m  [32m●[39m Grape
[36m│[39m  [2m○[22m [2mOrange[22m
[36m│[39m  [2m○[22m [2mKiwi[22m
[36m│[39m  [2m[2m↑/↓[22m[2m to select • [2mEnter:[22m[2m confirm • [2mType:[22m[2m to search[22m
[36m└[39m",
  "<cursor.backward count=999><cursor.up count=11>",
  "<cursor.down count=7>",
  "<erase.down>",
  "[36m│[39m  [2m○[22m [2mGrape[22m
[36m│[39m  [32m●[39m Orange
[36m│[39m  [2m○[22m [2mKiwi[22m
[36m│[39m  [2m[2m↑/↓[22m[2m to select • [2mEnter:[22m[2m confirm • [2mType:[22m[2m to search[22m
[36m└[39m",
  "<cursor.backward count=999><cursor.up count=11>",
  "<cursor.down count=8>",
  "<erase.down>",
  "[36m│[39m  [2m○[22m [2mOrange[22m
[36m│[39m  [32m●[39m Kiwi[2m (New Zealand)[22m
[36m│[39m  [2m[2m↑/↓[22m[2m to select • [2mEnter:[22m[2m confirm • [2mType:[22m[2m to search[22m
[36m└[39m",
  "<cursor.backward count=999><cursor.up count=11>",
  "<cursor.down count=1>",
  "<erase.down>",
  "[32m◇[39m  Select a fruit
[90m│[39m  [2mKiwi[22m",
  "
",
  "<cursor.show>",
]
`;

exports[`autocomplete > shows no matches message when search has no results 1`] = `
[
  "<cursor.hide>",
  "[90m│[39m
[36m◆[39m  Select a fruit
[36m│[39m
[36m│[39m  [2mSearch:[22m [7m[8m_[28m[27m
[36m│[39m  [32m●[39m Apple
[36m│[39m  [2m○[22m [2mBanana[22m
[36m│[39m  [2m○[22m [2mCherry[22m
[36m│[39m  [2m○[22m [2mGrape[22m
[36m│[39m  [2m○[22m [2mOrange[22m
[36m│[39m  [2m[2m↑/↓[22m[2m to select • [2mEnter:[22m[2m confirm • [2mType:[22m[2m to search[22m
[36m└[39m",
  "<cursor.backward count=999><cursor.up count=10>",
  "<cursor.down count=3>",
  "<erase.down>",
  "[36m│[39m  [2mSearch:[22m z█[2m (0 matches)[22m
[36m│[39m  [33mNo matches found[39m
[36m│[39m  [2m[2m↑/↓[22m[2m to select • [2mEnter:[22m[2m confirm • [2mType:[22m[2m to search[22m
[36m└[39m",
  "<cursor.backward count=999><cursor.up count=6>",
  "<cursor.down count=1>",
  "<erase.down>",
  "[32m◇[39m  Select a fruit
[90m│[39m",
  "
",
  "<cursor.show>",
]
`;

exports[`autocomplete > shows selected value in submit state 1`] = `
[
  "<cursor.hide>",
  "[90m│[39m
[36m◆[39m  Select a fruit
[36m│[39m
[36m│[39m  [2mSearch:[22m [7m[8m_[28m[27m
[36m│[39m  [32m●[39m Apple
[36m│[39m  [2m○[22m [2mBanana[22m
[36m│[39m  [2m○[22m [2mCherry[22m
[36m│[39m  [2m○[22m [2mGrape[22m
[36m│[39m  [2m○[22m [2mOrange[22m
[36m│[39m  [2m[2m↑/↓[22m[2m to select • [2mEnter:[22m[2m confirm • [2mType:[22m[2m to search[22m
[36m└[39m",
  "<cursor.backward count=999><cursor.up count=10>",
  "<cursor.down count=3>",
  "<erase.down>",
  "[36m│[39m  [2mSearch:[22m
[36m│[39m  [2m○[22m [2mApple[22m
[36m│[39m  [32m●[39m Banana
[36m│[39m  [2m○[22m [2mCherry[22m
[36m│[39m  [2m○[22m [2mGrape[22m
[36m│[39m  [2m○[22m [2mOrange[22m
[36m│[39m  [2m[2m↑/↓[22m[2m to select • [2mEnter:[22m[2m confirm • [2mType:[22m[2m to search[22m
[36m└[39m",
  "<cursor.backward count=999><cursor.up count=10>",
  "<cursor.down count=1>",
  "<erase.down>",
  "[32m◇[39m  Select a fruit
[90m│[39m  [2mBanana[22m",
  "
",
  "<cursor.show>",
]
`;

exports[`autocomplete > shows strikethrough in cancel state 1`] = `
[
  "<cursor.hide>",
  "[90m│[39m
[36m◆[39m  Select a fruit
[36m│[39m
[36m│[39m  [2mSearch:[22m [7m[8m_[28m[27m
[36m│[39m  [32m●[39m Apple
[36m│[39m  [2m○[22m [2mBanana[22m
[36m│[39m  [2m○[22m [2mCherry[22m
[36m│[39m  [2m○[22m [2mGrape[22m
[36m│[39m  [2m○[22m [2mOrange[22m
[36m│[39m  [2m[2m↑/↓[22m[2m to select • [2mEnter:[22m[2m confirm • [2mType:[22m[2m to search[22m
[36m└[39m",
  "<cursor.backward count=999><cursor.up count=10>",
  "<cursor.down count=1>",
  "<erase.down>",
  "[31m■[39m  Select a fruit
[90m│[39m",
  "
",
  "<cursor.show>",
]
`;

exports[`autocomplete > supports initialValue 1`] = `
[
  "<cursor.hide>",
  "[90m│[39m
[36m◆[39m  Select a fruit
[36m│[39m
[36m│[39m  [2mSearch:[22m [7m[8m_[28m[27m
[36m│[39m  [2m○[22m [2mApple[22m
[36m│[39m  [2m○[22m [2mBanana[22m
[36m│[39m  [32m●[39m Cherry
[36m│[39m  [2m○[22m [2mGrape[22m
[36m│[39m  [2m○[22m [2mOrange[22m
[36m│[39m  [2m[2m↑/↓[22m[2m to select • [2mEnter:[22m[2m confirm • [2mType:[22m[2m to search[22m
[36m└[39m",
  "<cursor.backward count=999><cursor.up count=10>",
  "<cursor.down count=1>",
  "<erase.down>",
  "[32m◇[39m  Select a fruit
[90m│[39m  [2mCherry[22m",
  "
",
  "<cursor.show>",
]
`;

exports[`autocompleteMultiselect > can be aborted by a signal 1`] = `
[
  "<cursor.hide>",
  "[90m│[39m
[36m◆[39m  foo

[36m│[39m  [2mSearch:[22m [7m[8m_[28m[27m
[36m│[39m  [2m◻[22m Apple
[36m│[39m  [2m◻[22m [2mBanana[22m
[36m│[39m  [2m◻[22m [2mCherry[22m
[36m│[39m  [2m◻[22m [2mGrape[22m
[36m│[39m  [2m◻[22m [2mOrange[22m
[36m│[39m  [2m[2m↑/↓[22m[2m to navigate • [2mSpace:[22m[2m select • [2mEnter:[22m[2m confirm • [2mType:[22m[2m to search[22m
[36m└[39m",
  "
",
  "<cursor.show>",
]
`;

exports[`autocompleteMultiselect > renders error when empty selection & required is true 1`] = `
[
  "<cursor.hide>",
  "[90m│[39m
[36m◆[39m  Select a fruit

[36m│[39m  [2mSearch:[22m [7m[8m_[28m[27m
[36m│[39m  [2m◻[22m Apple
[36m│[39m  [2m◻[22m [2mBanana[22m
[36m│[39m  [2m◻[22m [2mCherry[22m
[36m│[39m  [2m◻[22m [2mGrape[22m
[36m│[39m  [2m◻[22m [2mOrange[22m
[36m│[39m  [2m[2m↑/↓[22m[2m to navigate • [2mSpace:[22m[2m select • [2mEnter:[22m[2m confirm • [2mType:[22m[2m to search[22m
[36m└[39m",
  "<cursor.backward count=999><cursor.up count=10>",
  "<cursor.down count=1>",
  "<erase.down>",
  "[33m▲[39m  Select a fruit

[36m│[39m  [2mSearch:[22m [7m[8m_[28m[27m
[36m│[39m  [33mPlease select at least one item[39m
[36m│[39m  [2m◻[22m Apple
[36m│[39m  [2m◻[22m [2mBanana[22m
[36m│[39m  [2m◻[22m [2mCherry[22m
[36m│[39m  [2m◻[22m [2mGrape[22m
[36m│[39m  [2m◻[22m [2mOrange[22m
[36m│[39m  [2m[2m↑/↓[22m[2m to navigate • [2mSpace:[22m[2m select • [2mEnter:[22m[2m confirm • [2mType:[22m[2m to search[22m
[36m└[39m",
  "<cursor.backward count=999><cursor.up count=11>",
  "<cursor.down count=1>",
  "<erase.down>",
  "[36m◆[39m  Select a fruit

[36m│[39m  [2mSearch:[22m [7m[8m_[28m[27m
[36m│[39m  [32m◼[39m Apple
[36m│[39m  [2m◻[22m [2mBanana[22m
[36m│[39m  [2m◻[22m [2mCherry[22m
[36m│[39m  [2m◻[22m [2mGrape[22m
[36m│[39m  [2m◻[22m [2mOrange[22m
[36m│[39m  [2m[2m↑/↓[22m[2m to navigate • [2mSpace:[22m[2m select • [2mEnter:[22m[2m confirm • [2mType:[22m[2m to search[22m
[36m└[39m",
  "<cursor.backward count=999><cursor.up count=10>",
  "<cursor.down count=1>",
  "<erase.down>",
  "[32m◇[39m  Select a fruit
[90m│[39m  [2m1 items selected[22m",
  "
",
  "<cursor.show>",
]
`;
