// Vitest Snapshot v1, https://vitest.dev/guide/snapshot.html

exports[`note (isCI = false) > formatter which adds colors works 1`] = `
[
  "[90mâ”‚[39m
[32mâ—‡[39m  [0mtitle[0m [90mâ”€â”€â•®[39m
[90mâ”‚[39m          [90mâ”‚[39m
[90mâ”‚[39m  [31mline 0[39m  [90mâ”‚[39m
[90mâ”‚[39m  [31mline 1[39m  [90mâ”‚[39m
[90mâ”‚[39m  [31mline 2[39m  [90mâ”‚[39m
[90mâ”‚[39m          [90mâ”‚[39m
[90mâ”œâ”€â”€â”€â”€â”€â”€â”€â”€â”€â”€â•¯[39m
",
]
`;

exports[`note (isCI = false) > formatter which adds length works 1`] = `
[
  "[90mâ”‚[39m
[32mâ—‡[39m  [0mtitle[0m [90mâ”€â”€â”€â”€â”€â”€â•®[39m
[90mâ”‚[39m              [90mâ”‚[39m
[90mâ”‚[39m  * line 0 *  [90mâ”‚[39m
[90mâ”‚[39m  * line 1 *  [90mâ”‚[39m
[90mâ”‚[39m  * line 2 *  [90mâ”‚[39m
[90mâ”‚[39m              [90mâ”‚[39m
[90mâ”œâ”€â”€â”€â”€â”€â”€â”€â”€â”€â”€â”€â”€â”€â”€â•¯[39m
",
]
`;

exports[`note (isCI = false) > renders as wide as longest line 1`] = `
[
  "[90mâ”‚[39m
[32mâ—‡[39m  [0mtitle[0m [90mâ”€â”€â”€â”€â”€â”€â”€â”€â”€â”€â”€â”€â”€â”€â”€â”€â”€â”€â”€â”€â”€â”€â”€â”€â”€â”€â”€â•®[39m
[90mâ”‚[39m                                   [90mâ”‚[39m
[90mâ”‚[39m  [2mshort[22m                            [90mâ”‚[39m
[90mâ”‚[39m  [2msomewhat questionably long line[22m  [90mâ”‚[39m
[90mâ”‚[39m                                   [90mâ”‚[39m
[90mâ”œâ”€â”€â”€â”€â”€â”€â”€â”€â”€â”€â”€â”€â”€â”€â”€â”€â”€â”€â”€â”€â”€â”€â”€â”€â”€â”€â”€â”€â”€â”€â”€â”€â”€â”€â”€â•¯[39m
",
]
`;

exports[`note (isCI = false) > renders message with title 1`] = `
[
  "[90mâ”‚[39m
[32mâ—‡[39m  [0mtitle[0m [90mâ”€â”€â”€â•®[39m
[90mâ”‚[39m           [90mâ”‚[39m
[90mâ”‚[39m  [2mmessage[22m  [90mâ”‚[39m
[90mâ”‚[39m           [90mâ”‚[39m
[90mâ”œâ”€â”€â”€â”€â”€â”€â”€â”€â”€â”€â”€â•¯[39m
",
]
`;

exports[`note (isCI = true) > formatter which adds colors works 1`] = `
[
  "[90mâ”‚[39m
[32mâ—‡[39m  [0mtitle[0m [90mâ”€â”€â•®[39m
[90mâ”‚[39m          [90mâ”‚[39m
[90mâ”‚[39m  [31mline 0[39m  [90mâ”‚[39m
[90mâ”‚[39m  [31mline 1[39m  [90mâ”‚[39m
[90mâ”‚[39m  [31mline 2[39m  [90mâ”‚[39m
[90mâ”‚[39m          [90mâ”‚[39m
[90mâ”œâ”€â”€â”€â”€â”€â”€â”€â”€â”€â”€â•¯[39m
",
]
`;

exports[`note (isCI = true) > formatter which adds length works 1`] = `
[
  "[90mâ”‚[39m
[32mâ—‡[39m  [0mtitle[0m [90mâ”€â”€â”€â”€â”€â”€â•®[39m
[90mâ”‚[39m              [90mâ”‚[39m
[90mâ”‚[39m  * line 0 *  [90mâ”‚[39m
[90mâ”‚[39m  * line 1 *  [90mâ”‚[39m
[90mâ”‚[39m  * line 2 *  [90mâ”‚[39m
[90mâ”‚[39m              [90mâ”‚[39m
[90mâ”œâ”€â”€â”€â”€â”€â”€â”€â”€â”€â”€â”€â”€â”€â”€â•¯[39m
",
]
`;

exports[`note (isCI = true) > renders as wide as longest line 1`] = `
[
  "[90mâ”‚[39m
[32mâ—‡[39m  [0mtitle[0m [90mâ”€â”€â”€â”€â”€â”€â”€â”€â”€â”€â”€â”€â”€â”€â”€â”€â”€â”€â”€â”€â”€â”€â”€â”€â”€â”€â”€â•®[39m
[90mâ”‚[39m                                   [90mâ”‚[39m
[90mâ”‚[39m  [2mshort[22m                            [90mâ”‚[39m
[90mâ”‚[39m  [2msomewhat questionably long line[22m  [90mâ”‚[39m
[90mâ”‚[39m                                   [90mâ”‚[39m
[90mâ”œâ”€â”€â”€â”€â”€â”€â”€â”€â”€â”€â”€â”€â”€â”€â”€â”€â”€â”€â”€â”€â”€â”€â”€â”€â”€â”€â”€â”€â”€â”€â”€â”€â”€â”€â”€â•¯[39m
",
]
`;

exports[`note (isCI = true) > renders message with title 1`] = `
[
  "[90mâ”‚[39m
[32mâ—‡[39m  [0mtitle[0m [90mâ”€â”€â”€â•®[39m
[90mâ”‚[39m           [90mâ”‚[39m
[90mâ”‚[39m  [2mmessage[22m  [90mâ”‚[39m
[90mâ”‚[39m           [90mâ”‚[39m
[90mâ”œâ”€â”€â”€â”€â”€â”€â”€â”€â”€â”€â”€â•¯[39m
",
]
`;
