// Vitest Snapshot v1, https://vitest.dev/guide/snapshot.html

exports[`number (isCI = false) > 0 when no value and no default 1`] = `
[
  "<cursor.hide>",
  "[90mâ”‚[39m
[36mâ—†[39m  
[36mâ”‚[39m  [7m[8m_[28m[27m
[36mâ””[39m
",
  "<cursor.backward count=999><cursor.up count=4>",
  "<cursor.down count=1>",
  "<erase.down>",
  "[32mâ—‡[39m  
[90mâ”‚[39m",
  "
",
  "<cursor.show>",
]
`;

exports[`number (isCI = false) > can be aborted by a signal 1`] = `
[
  "<cursor.hide>",
  "[90mâ”‚[39m
[36mâ—†[39m  
[36mâ”‚[39m  [7m[8m_[28m[27m
[36mâ””[39m
",
  "
",
  "<cursor.show>",
]
`;

exports[`number (isCI = false) > can cancel 1`] = `
[
  "<cursor.hide>",
  "[90mâ”‚[39m
[36mâ—†[39m  
[36mâ”‚[39m  [7m[8m_[28m[27m
[36mâ””[39m
",
  "<cursor.backward count=999><cursor.up count=4>",
  "<cursor.down count=1>",
  "<erase.down>",
  "[31mâ– [39m  
[90mâ”‚[39m",
  "
",
  "<cursor.show>",
]
`;

exports[`number (isCI = false) > defaultValue sets the value but does not render 1`] = `
[
  "<cursor.hide>",
  "[90mâ”‚[39m
[36mâ—†[39m  
[36mâ”‚[39m  [7m[8m_[28m[27m
[36mâ””[39m
",
  "<cursor.backward count=999><cursor.up count=4>",
  "<cursor.down count=1>",
  "<erase.down>",
  "[32mâ—‡[39m  
[90mâ”‚[39m  [2m10[22m",
  "
",
  "<cursor.show>",
]
`;

exports[`number (isCI = false) > placeholder is not used as value when pressing enter 1`] = `
[
  "<cursor.hide>",
  "[90mâ”‚[39m
[36mâ—†[39m  
[36mâ”‚[39m  [7m[8m_[28m[27m
[36mâ””[39m
",
  "<cursor.backward count=999><cursor.up count=4>",
  "<cursor.down count=1>",
  "<erase.down>",
  "[32mâ—‡[39m  
[90mâ”‚[39m  [2m7[22m",
  "
",
  "<cursor.show>",
]
`;

exports[`number (isCI = false) > renders cancelled value if one set 1`] = `
[
  "<cursor.hide>",
  "[90mâ”‚[39m
[36mâ—†[39m  
[36mâ”‚[39m  [7m[8m_[28m[27m
[36mâ””[39m
",
  "<cursor.backward count=999><cursor.up count=4>",
  "<cursor.down count=2>",
  "<erase.line><cursor.left count=1>",
  "[36mâ”‚[39m  1â–ˆ",
  "<cursor.down count=2>",
  "<cursor.backward count=999><cursor.up count=4>",
  "<cursor.down count=2>",
  "<erase.line><cursor.left count=1>",
  "[36mâ”‚[39m  12â–ˆ",
  "<cursor.down count=2>",
  "<cursor.backward count=999><cursor.up count=4>",
  "<cursor.down count=1>",
  "<erase.down>",
  "[31mâ– [39m  
[90mâ”‚[39m  [9m[2m12[22m[29m
[90mâ”‚[39m",
  "
",
  "<cursor.show>",
]
`;

exports[`number (isCI = false) > renders message 1`] = `
[
  "<cursor.hide>",
  "[90mâ”‚[39m
[36mâ—†[39m  
[36mâ”‚[39m  [7m[8m_[28m[27m
[36mâ””[39m
",
  "<cursor.backward count=999><cursor.up count=4>",
  "<cursor.down count=1>",
  "<erase.down>",
  "[32mâ—‡[39m  
[90mâ”‚[39m",
  "
",
  "<cursor.show>",
]
`;

exports[`number (isCI = false) > renders placeholder if set 1`] = `
[
  "<cursor.hide>",
  "[90mâ”‚[39m
[36mâ—†[39m  
[36mâ”‚[39m  [7m5[27m[2m[22m
[36mâ””[39m
",
  "<cursor.backward count=999><cursor.up count=4>",
  "<cursor.down count=1>",
  "<erase.down>",
  "[32mâ—‡[39m  
[90mâ”‚[39m",
  "
",
  "<cursor.show>",
]
`;

exports[`number (isCI = false) > renders submitted value 1`] = `
[
  "<cursor.hide>",
  "[90mâ”‚[39m
[36mâ—†[39m  
[36mâ”‚[39m  [7m[8m_[28m[27m
[36mâ””[39m
",
  "<cursor.backward count=999><cursor.up count=4>",
  "<cursor.down count=2>",
  "<erase.line><cursor.left count=1>",
  "[36mâ”‚[39m  1â–ˆ",
  "<cursor.down count=2>",
  "<cursor.backward count=999><cursor.up count=4>",
  "<cursor.down count=2>",
  "<erase.line><cursor.left count=1>",
  "[36mâ”‚[39m  12â–ˆ",
  "<cursor.down count=2>",
  "<cursor.backward count=999><cursor.up count=4>",
  "<cursor.down count=1>",
  "<erase.down>",
  "[32mâ—‡[39m  
[90mâ”‚[39m  [2m12[22m",
  "
",
  "<cursor.show>",
]
`;

exports[`number (isCI = false) > validate when use invalid number value 1`] = `
[
  "<cursor.hide>",
  "[90mâ”‚[39m
[36mâ—†[39m  
[36mâ”‚[39m  [7m1[27m[2m[22m
[36mâ””[39m
",
  "<cursor.backward count=999><cursor.up count=4>",
  "<cursor.down count=2>",
  "<erase.line><cursor.left count=1>",
  "[36mâ”‚[39m  aâ–ˆ",
  "<cursor.down count=2>",
  "<cursor.backward count=999><cursor.up count=4>",
  "<cursor.down count=1>",
  "<erase.down>",
  "[33mâ–²[39m
[33mâ”‚[39m  aâ–ˆ
[33mâ””[39m  [33mPlease input a valid number value[39m
",
  "<cursor.backward count=999><cursor.up count=4>",
  "<cursor.down count=1>",
  "<erase.down>",
  "[36mâ—†[39m  
[36mâ”‚[39m  [7m1[27m[2m[22m
[36mâ””[39m
",
  "<cursor.backward count=999><cursor.up count=4>",
  "<cursor.down count=2>",
  "<erase.line><cursor.left count=1>",
  "[36mâ”‚[39m  1â–ˆ",
  "<cursor.down count=2>",
  "<cursor.backward count=999><cursor.up count=4>",
  "<cursor.down count=1>",
  "<erase.down>",
  "[32mâ—‡[39m  
[90mâ”‚[39m  [2m1[22m",
  "
",
  "<cursor.show>",
]
`;

exports[`number (isCI = false) > validation errors render and clear (using Error) 1`] = `
[
  "<cursor.hide>",
  "[90mâ”‚[39m
[36mâ—†[39m  
[36mâ”‚[39m  [7m[8m_[28m[27m
[36mâ””[39m
",
  "<cursor.backward count=999><cursor.up count=4>",
  "<cursor.down count=2>",
  "<erase.line><cursor.left count=1>",
  "[36mâ”‚[39m  1â–ˆ",
  "<cursor.down count=2>",
  "<cursor.backward count=999><cursor.up count=4>",
  "<cursor.down count=1>",
  "<erase.down>",
  "[33mâ–²[39m
[33mâ”‚[39m  1â–ˆ
[33mâ””[39m  [33mshould be greater than 3[39m
",
  "<cursor.backward count=999><cursor.up count=4>",
  "<cursor.down count=1>",
  "<erase.down>",
  "[36mâ—†[39m  
[36mâ”‚[39m  10â–ˆ
[36mâ””[39m
",
  "<cursor.backward count=999><cursor.up count=4>",
  "<cursor.down count=1>",
  "<erase.down>",
  "[32mâ—‡[39m  
[90mâ”‚[39m  [2m10[22m",
  "
",
  "<cursor.show>",
]
`;

exports[`number (isCI = false) > validation errors render and clear 1`] = `
[
  "<cursor.hide>",
  "[90mâ”‚[39m
[36mâ—†[39m  
[36mâ”‚[39m  [7m[8m_[28m[27m
[36mâ””[39m
",
  "<cursor.backward count=999><cursor.up count=4>",
  "<cursor.down count=2>",
  "<erase.line><cursor.left count=1>",
  "[36mâ”‚[39m  1â–ˆ",
  "<cursor.down count=2>",
  "<cursor.backward count=999><cursor.up count=4>",
  "<cursor.down count=1>",
  "<erase.down>",
  "[33mâ–²[39m
[33mâ”‚[39m  1â–ˆ
[33mâ””[39m  [33mshould be greater than 3[39m
",
  "<cursor.backward count=999><cursor.up count=4>",
  "<cursor.down count=1>",
  "<erase.down>",
  "[36mâ—†[39m  
[36mâ”‚[39m  10â–ˆ
[36mâ””[39m
",
  "<cursor.backward count=999><cursor.up count=4>",
  "<cursor.down count=1>",
  "<erase.down>",
  "[32mâ—‡[39m  
[90mâ”‚[39m  [2m10[22m",
  "
",
  "<cursor.show>",
]
`;

exports[`number (isCI = true) > 0 when no value and no default 1`] = `
[
  "<cursor.hide>",
  "[90mâ”‚[39m
[36mâ—†[39m  
[36mâ”‚[39m  [7m[8m_[28m[27m
[36mâ””[39m
",
  "<cursor.backward count=999><cursor.up count=4>",
  "<cursor.down count=1>",
  "<erase.down>",
  "[32mâ—‡[39m  
[90mâ”‚[39m",
  "
",
  "<cursor.show>",
]
`;

exports[`number (isCI = true) > can be aborted by a signal 1`] = `
[
  "<cursor.hide>",
  "[90mâ”‚[39m
[36mâ—†[39m  
[36mâ”‚[39m  [7m[8m_[28m[27m
[36mâ””[39m
",
  "
",
  "<cursor.show>",
]
`;

exports[`number (isCI = true) > can cancel 1`] = `
[
  "<cursor.hide>",
  "[90mâ”‚[39m
[36mâ—†[39m  
[36mâ”‚[39m  [7m[8m_[28m[27m
[36mâ””[39m
",
  "<cursor.backward count=999><cursor.up count=4>",
  "<cursor.down count=1>",
  "<erase.down>",
  "[31mâ– [39m  
[90mâ”‚[39m",
  "
",
  "<cursor.show>",
]
`;

exports[`number (isCI = true) > defaultValue sets the value but does not render 1`] = `
[
  "<cursor.hide>",
  "[90mâ”‚[39m
[36mâ—†[39m  
[36mâ”‚[39m  [7m[8m_[28m[27m
[36mâ””[39m
",
  "<cursor.backward count=999><cursor.up count=4>",
  "<cursor.down count=1>",
  "<erase.down>",
  "[32mâ—‡[39m  
[90mâ”‚[39m  [2m10[22m",
  "
",
  "<cursor.show>",
]
`;

exports[`number (isCI = true) > placeholder is not used as value when pressing enter 1`] = `
[
  "<cursor.hide>",
  "[90mâ”‚[39m
[36mâ—†[39m  
[36mâ”‚[39m  [7m[8m_[28m[27m
[36mâ””[39m
",
  "<cursor.backward count=999><cursor.up count=4>",
  "<cursor.down count=1>",
  "<erase.down>",
  "[32mâ—‡[39m  
[90mâ”‚[39m  [2m7[22m",
  "
",
  "<cursor.show>",
]
`;

exports[`number (isCI = true) > renders cancelled value if one set 1`] = `
[
  "<cursor.hide>",
  "[90mâ”‚[39m
[36mâ—†[39m  
[36mâ”‚[39m  [7m[8m_[28m[27m
[36mâ””[39m
",
  "<cursor.backward count=999><cursor.up count=4>",
  "<cursor.down count=2>",
  "<erase.line><cursor.left count=1>",
  "[36mâ”‚[39m  1â–ˆ",
  "<cursor.down count=2>",
  "<cursor.backward count=999><cursor.up count=4>",
  "<cursor.down count=2>",
  "<erase.line><cursor.left count=1>",
  "[36mâ”‚[39m  12â–ˆ",
  "<cursor.down count=2>",
  "<cursor.backward count=999><cursor.up count=4>",
  "<cursor.down count=1>",
  "<erase.down>",
  "[31mâ– [39m  
[90mâ”‚[39m  [9m[2m12[22m[29m
[90mâ”‚[39m",
  "
",
  "<cursor.show>",
]
`;

exports[`number (isCI = true) > renders message 1`] = `
[
  "<cursor.hide>",
  "[90mâ”‚[39m
[36mâ—†[39m  
[36mâ”‚[39m  [7m[8m_[28m[27m
[36mâ””[39m
",
  "<cursor.backward count=999><cursor.up count=4>",
  "<cursor.down count=1>",
  "<erase.down>",
  "[32mâ—‡[39m  
[90mâ”‚[39m",
  "
",
  "<cursor.show>",
]
`;

exports[`number (isCI = true) > renders placeholder if set 1`] = `
[
  "<cursor.hide>",
  "[90mâ”‚[39m
[36mâ—†[39m  
[36mâ”‚[39m  [7m5[27m[2m[22m
[36mâ””[39m
",
  "<cursor.backward count=999><cursor.up count=4>",
  "<cursor.down count=1>",
  "<erase.down>",
  "[32mâ—‡[39m  
[90mâ”‚[39m",
  "
",
  "<cursor.show>",
]
`;

exports[`number (isCI = true) > renders submitted value 1`] = `
[
  "<cursor.hide>",
  "[90mâ”‚[39m
[36mâ—†[39m  
[36mâ”‚[39m  [7m[8m_[28m[27m
[36mâ””[39m
",
  "<cursor.backward count=999><cursor.up count=4>",
  "<cursor.down count=2>",
  "<erase.line><cursor.left count=1>",
  "[36mâ”‚[39m  1â–ˆ",
  "<cursor.down count=2>",
  "<cursor.backward count=999><cursor.up count=4>",
  "<cursor.down count=2>",
  "<erase.line><cursor.left count=1>",
  "[36mâ”‚[39m  12â–ˆ",
  "<cursor.down count=2>",
  "<cursor.backward count=999><cursor.up count=4>",
  "<cursor.down count=1>",
  "<erase.down>",
  "[32mâ—‡[39m  
[90mâ”‚[39m  [2m12[22m",
  "
",
  "<cursor.show>",
]
`;

exports[`number (isCI = true) > validate when use invalid number value 1`] = `
[
  "<cursor.hide>",
  "[90mâ”‚[39m
[36mâ—†[39m  
[36mâ”‚[39m  [7m1[27m[2m[22m
[36mâ””[39m
",
  "<cursor.backward count=999><cursor.up count=4>",
  "<cursor.down count=2>",
  "<erase.line><cursor.left count=1>",
  "[36mâ”‚[39m  aâ–ˆ",
  "<cursor.down count=2>",
  "<cursor.backward count=999><cursor.up count=4>",
  "<cursor.down count=1>",
  "<erase.down>",
  "[33mâ–²[39m
[33mâ”‚[39m  aâ–ˆ
[33mâ””[39m  [33mPlease input a valid number value[39m
",
  "<cursor.backward count=999><cursor.up count=4>",
  "<cursor.down count=1>",
  "<erase.down>",
  "[36mâ—†[39m  
[36mâ”‚[39m  [7m1[27m[2m[22m
[36mâ””[39m
",
  "<cursor.backward count=999><cursor.up count=4>",
  "<cursor.down count=2>",
  "<erase.line><cursor.left count=1>",
  "[36mâ”‚[39m  1â–ˆ",
  "<cursor.down count=2>",
  "<cursor.backward count=999><cursor.up count=4>",
  "<cursor.down count=1>",
  "<erase.down>",
  "[32mâ—‡[39m  
[90mâ”‚[39m  [2m1[22m",
  "
",
  "<cursor.show>",
]
`;

exports[`number (isCI = true) > validation errors render and clear (using Error) 1`] = `
[
  "<cursor.hide>",
  "[90mâ”‚[39m
[36mâ—†[39m  
[36mâ”‚[39m  [7m[8m_[28m[27m
[36mâ””[39m
",
  "<cursor.backward count=999><cursor.up count=4>",
  "<cursor.down count=2>",
  "<erase.line><cursor.left count=1>",
  "[36mâ”‚[39m  1â–ˆ",
  "<cursor.down count=2>",
  "<cursor.backward count=999><cursor.up count=4>",
  "<cursor.down count=1>",
  "<erase.down>",
  "[33mâ–²[39m
[33mâ”‚[39m  1â–ˆ
[33mâ””[39m  [33mshould be greater than 3[39m
",
  "<cursor.backward count=999><cursor.up count=4>",
  "<cursor.down count=1>",
  "<erase.down>",
  "[36mâ—†[39m  
[36mâ”‚[39m  10â–ˆ
[36mâ””[39m
",
  "<cursor.backward count=999><cursor.up count=4>",
  "<cursor.down count=1>",
  "<erase.down>",
  "[32mâ—‡[39m  
[90mâ”‚[39m  [2m10[22m",
  "
",
  "<cursor.show>",
]
`;

exports[`number (isCI = true) > validation errors render and clear 1`] = `
[
  "<cursor.hide>",
  "[90mâ”‚[39m
[36mâ—†[39m  
[36mâ”‚[39m  [7m[8m_[28m[27m
[36mâ””[39m
",
  "<cursor.backward count=999><cursor.up count=4>",
  "<cursor.down count=2>",
  "<erase.line><cursor.left count=1>",
  "[36mâ”‚[39m  1â–ˆ",
  "<cursor.down count=2>",
  "<cursor.backward count=999><cursor.up count=4>",
  "<cursor.down count=1>",
  "<erase.down>",
  "[33mâ–²[39m
[33mâ”‚[39m  1â–ˆ
[33mâ””[39m  [33mshould be greater than 3[39m
",
  "<cursor.backward count=999><cursor.up count=4>",
  "<cursor.down count=1>",
  "<erase.down>",
  "[36mâ—†[39m  
[36mâ”‚[39m  10â–ˆ
[36mâ””[39m
",
  "<cursor.backward count=999><cursor.up count=4>",
  "<cursor.down count=1>",
  "<erase.down>",
  "[32mâ—‡[39m  
[90mâ”‚[39m  [2m10[22m",
  "
",
  "<cursor.show>",
]
`;
