// Vitest Snapshot v1, https://vitest.dev/guide/snapshot.html

exports[`password (isCI = false) > renders and clears validation errors 1`] = `
[
  "<cursor.hide>",
  "[90mâ”‚[39m
[36mâ—†[39m  foo
[36mâ”‚[39m  [7m[8m_[28m[27m
[36mâ””[39m
",
  "<cursor.backward count=999><cursor.up count=4>",
  "<cursor.down count=2>",
  "<erase.line><cursor.left count=1>",
  "[36mâ”‚[39m  â–ª[7m[8m_[28m[27m",
  "<cursor.down count=2>",
  "<cursor.backward count=999><cursor.up count=4>",
  "<cursor.down count=1>",
  "<erase.down>",
  "[33mâ–²[39m  foo
[33mâ”‚[39m  â–ª
[33mâ””[39m  [33mPassword must be at least 2 characters[39m
",
  "<cursor.backward count=999><cursor.up count=4>",
  "<cursor.down count=1>",
  "<erase.down>",
  "[36mâ—†[39m  foo
[36mâ”‚[39m  â–ªâ–ª[7m[8m_[28m[27m
[36mâ””[39m
",
  "<cursor.backward count=999><cursor.up count=4>",
  "<cursor.down count=1>",
  "<erase.down>",
  "[32mâ—‡[39m  foo
[90mâ”‚[39m  [2mâ–ªâ–ª[22m",
  "
",
  "<cursor.show>",
]
`;

exports[`password (isCI = false) > renders cancelled value 1`] = `
[
  "<cursor.hide>",
  "[90mâ”‚[39m
[36mâ—†[39m  foo
[36mâ”‚[39m  [7m[8m_[28m[27m
[36mâ””[39m
",
  "<cursor.backward count=999><cursor.up count=4>",
  "<cursor.down count=2>",
  "<erase.line><cursor.left count=1>",
  "[36mâ”‚[39m  â–ª[7m[8m_[28m[27m",
  "<cursor.down count=2>",
  "<cursor.backward count=999><cursor.up count=4>",
  "<cursor.down count=1>",
  "<erase.down>",
  "[31mâ– [39m  foo
[90mâ”‚[39m  [9m[2mâ–ª[22m[29m
[90mâ”‚[39m",
  "
",
  "<cursor.show>",
]
`;

exports[`password (isCI = false) > renders custom mask 1`] = `
[
  "<cursor.hide>",
  "[90mâ”‚[39m
[36mâ—†[39m  foo
[36mâ”‚[39m  [7m[8m_[28m[27m
[36mâ””[39m
",
  "<cursor.backward count=999><cursor.up count=4>",
  "<cursor.down count=2>",
  "<erase.line><cursor.left count=1>",
  "[36mâ”‚[39m  *[7m[8m_[28m[27m",
  "<cursor.down count=2>",
  "<cursor.backward count=999><cursor.up count=4>",
  "<cursor.down count=2>",
  "<erase.line><cursor.left count=1>",
  "[36mâ”‚[39m  **[7m[8m_[28m[27m",
  "<cursor.down count=2>",
  "<cursor.backward count=999><cursor.up count=4>",
  "<cursor.down count=1>",
  "<erase.down>",
  "[32mâ—‡[39m  foo
[90mâ”‚[39m  [2m**[22m",
  "
",
  "<cursor.show>",
]
`;

exports[`password (isCI = false) > renders masked value 1`] = `
[
  "<cursor.hide>",
  "[90mâ”‚[39m
[36mâ—†[39m  foo
[36mâ”‚[39m  [7m[8m_[28m[27m
[36mâ””[39m
",
  "<cursor.backward count=999><cursor.up count=4>",
  "<cursor.down count=2>",
  "<erase.line><cursor.left count=1>",
  "[36mâ”‚[39m  â–ª[7m[8m_[28m[27m",
  "<cursor.down count=2>",
  "<cursor.backward count=999><cursor.up count=4>",
  "<cursor.down count=2>",
  "<erase.line><cursor.left count=1>",
  "[36mâ”‚[39m  â–ªâ–ª[7m[8m_[28m[27m",
  "<cursor.down count=2>",
  "<cursor.backward count=999><cursor.up count=4>",
  "<cursor.down count=1>",
  "<erase.down>",
  "[32mâ—‡[39m  foo
[90mâ”‚[39m  [2mâ–ªâ–ª[22m",
  "
",
  "<cursor.show>",
]
`;

exports[`password (isCI = false) > renders message 1`] = `
[
  "<cursor.hide>",
  "[90mâ”‚[39m
[36mâ—†[39m  foo
[36mâ”‚[39m  [7m[8m_[28m[27m
[36mâ””[39m
",
  "<cursor.backward count=999><cursor.up count=4>",
  "<cursor.down count=1>",
  "<erase.down>",
  "[32mâ—‡[39m  foo
[90mâ”‚[39m[2m[22m",
  "
",
  "<cursor.show>",
]
`;

exports[`password (isCI = true) > renders and clears validation errors 1`] = `
[
  "<cursor.hide>",
  "[90mâ”‚[39m
[36mâ—†[39m  foo
[36mâ”‚[39m  [7m[8m_[28m[27m
[36mâ””[39m
",
  "<cursor.backward count=999><cursor.up count=4>",
  "<cursor.down count=2>",
  "<erase.line><cursor.left count=1>",
  "[36mâ”‚[39m  â–ª[7m[8m_[28m[27m",
  "<cursor.down count=2>",
  "<cursor.backward count=999><cursor.up count=4>",
  "<cursor.down count=1>",
  "<erase.down>",
  "[33mâ–²[39m  foo
[33mâ”‚[39m  â–ª
[33mâ””[39m  [33mPassword must be at least 2 characters[39m
",
  "<cursor.backward count=999><cursor.up count=4>",
  "<cursor.down count=1>",
  "<erase.down>",
  "[36mâ—†[39m  foo
[36mâ”‚[39m  â–ªâ–ª[7m[8m_[28m[27m
[36mâ””[39m
",
  "<cursor.backward count=999><cursor.up count=4>",
  "<cursor.down count=1>",
  "<erase.down>",
  "[32mâ—‡[39m  foo
[90mâ”‚[39m  [2mâ–ªâ–ª[22m",
  "
",
  "<cursor.show>",
]
`;

exports[`password (isCI = true) > renders cancelled value 1`] = `
[
  "<cursor.hide>",
  "[90mâ”‚[39m
[36mâ—†[39m  foo
[36mâ”‚[39m  [7m[8m_[28m[27m
[36mâ””[39m
",
  "<cursor.backward count=999><cursor.up count=4>",
  "<cursor.down count=2>",
  "<erase.line><cursor.left count=1>",
  "[36mâ”‚[39m  â–ª[7m[8m_[28m[27m",
  "<cursor.down count=2>",
  "<cursor.backward count=999><cursor.up count=4>",
  "<cursor.down count=1>",
  "<erase.down>",
  "[31mâ– [39m  foo
[90mâ”‚[39m  [9m[2mâ–ª[22m[29m
[90mâ”‚[39m",
  "
",
  "<cursor.show>",
]
`;

exports[`password (isCI = true) > renders custom mask 1`] = `
[
  "<cursor.hide>",
  "[90mâ”‚[39m
[36mâ—†[39m  foo
[36mâ”‚[39m  [7m[8m_[28m[27m
[36mâ””[39m
",
  "<cursor.backward count=999><cursor.up count=4>",
  "<cursor.down count=2>",
  "<erase.line><cursor.left count=1>",
  "[36mâ”‚[39m  *[7m[8m_[28m[27m",
  "<cursor.down count=2>",
  "<cursor.backward count=999><cursor.up count=4>",
  "<cursor.down count=2>",
  "<erase.line><cursor.left count=1>",
  "[36mâ”‚[39m  **[7m[8m_[28m[27m",
  "<cursor.down count=2>",
  "<cursor.backward count=999><cursor.up count=4>",
  "<cursor.down count=1>",
  "<erase.down>",
  "[32mâ—‡[39m  foo
[90mâ”‚[39m  [2m**[22m",
  "
",
  "<cursor.show>",
]
`;

exports[`password (isCI = true) > renders masked value 1`] = `
[
  "<cursor.hide>",
  "[90mâ”‚[39m
[36mâ—†[39m  foo
[36mâ”‚[39m  [7m[8m_[28m[27m
[36mâ””[39m
",
  "<cursor.backward count=999><cursor.up count=4>",
  "<cursor.down count=2>",
  "<erase.line><cursor.left count=1>",
  "[36mâ”‚[39m  â–ª[7m[8m_[28m[27m",
  "<cursor.down count=2>",
  "<cursor.backward count=999><cursor.up count=4>",
  "<cursor.down count=2>",
  "<erase.line><cursor.left count=1>",
  "[36mâ”‚[39m  â–ªâ–ª[7m[8m_[28m[27m",
  "<cursor.down count=2>",
  "<cursor.backward count=999><cursor.up count=4>",
  "<cursor.down count=1>",
  "<erase.down>",
  "[32mâ—‡[39m  foo
[90mâ”‚[39m  [2mâ–ªâ–ª[22m",
  "
",
  "<cursor.show>",
]
`;

exports[`password (isCI = true) > renders message 1`] = `
[
  "<cursor.hide>",
  "[90mâ”‚[39m
[36mâ—†[39m  foo
[36mâ”‚[39m  [7m[8m_[28m[27m
[36mâ””[39m
",
  "<cursor.backward count=999><cursor.up count=4>",
  "<cursor.down count=1>",
  "<erase.down>",
  "[32mâ—‡[39m  foo
[90mâ”‚[39m[2m[22m",
  "
",
  "<cursor.show>",
]
`;
