// Vitest Snapshot v1, https://vitest.dev/guide/snapshot.html

exports[`password (isCI = false) > renders and clears validation errors 1`] = `
[
  "[?25l",
  "[90mâ”‚[39m
[36mâ—†[39m  foo
[36mâ”‚[39m  [7m[8m_[28m[27m
[36mâ””[39m
",
  "[999D[4A",
  "[2B",
  "[2K[G",
  "[36mâ”‚[39m  â–ª[7m[8m_[28m[27m",
  "[2B",
  "[999D[4A",
  "[1B",
  "[J",
  "[33mâ–²[39m  foo
[33mâ”‚[39m  â–ª
[33mâ””[39m  [33mPassword must be at least 2 characters[39m
",
  "[999D[4A",
  "[1B",
  "[J",
  "[36mâ—†[39m  foo
[36mâ”‚[39m  â–ªâ–ª[7m[8m_[28m[27m
[36mâ””[39m
",
  "[999D[4A",
  "[1B",
  "[J",
  "[32mâ—‡[39m  foo
[90mâ”‚[39m  [2mâ–ªâ–ª[22m",
  "
",
  "[?25h",
]
`;

exports[`password (isCI = false) > renders cancelled value 1`] = `
[
  "[?25l",
  "[90mâ”‚[39m
[36mâ—†[39m  foo
[36mâ”‚[39m  [7m[8m_[28m[27m
[36mâ””[39m
",
  "[999D[4A",
  "[2B",
  "[2K[G",
  "[36mâ”‚[39m  â–ª[7m[8m_[28m[27m",
  "[2B",
  "[999D[4A",
  "[1B",
  "[J",
  "[31mâ– [39m  foo
[90mâ”‚[39m  [9m[2mâ–ª[22m[29m
[90mâ”‚[39m",
  "
",
  "[?25h",
]
`;

exports[`password (isCI = false) > renders custom mask 1`] = `
[
  "[?25l",
  "[90mâ”‚[39m
[36mâ—†[39m  foo
[36mâ”‚[39m  [7m[8m_[28m[27m
[36mâ””[39m
",
  "[999D[4A",
  "[2B",
  "[2K[G",
  "[36mâ”‚[39m  *[7m[8m_[28m[27m",
  "[2B",
  "[999D[4A",
  "[2B",
  "[2K[G",
  "[36mâ”‚[39m  **[7m[8m_[28m[27m",
  "[2B",
  "[999D[4A",
  "[1B",
  "[J",
  "[32mâ—‡[39m  foo
[90mâ”‚[39m  [2m**[22m",
  "
",
  "[?25h",
]
`;

exports[`password (isCI = false) > renders masked value 1`] = `
[
  "[?25l",
  "[90mâ”‚[39m
[36mâ—†[39m  foo
[36mâ”‚[39m  [7m[8m_[28m[27m
[36mâ””[39m
",
  "[999D[4A",
  "[2B",
  "[2K[G",
  "[36mâ”‚[39m  â–ª[7m[8m_[28m[27m",
  "[2B",
  "[999D[4A",
  "[2B",
  "[2K[G",
  "[36mâ”‚[39m  â–ªâ–ª[7m[8m_[28m[27m",
  "[2B",
  "[999D[4A",
  "[1B",
  "[J",
  "[32mâ—‡[39m  foo
[90mâ”‚[39m  [2mâ–ªâ–ª[22m",
  "
",
  "[?25h",
]
`;

exports[`password (isCI = false) > renders message 1`] = `
[
  "[?25l",
  "[90mâ”‚[39m
[36mâ—†[39m  foo
[36mâ”‚[39m  [7m[8m_[28m[27m
[36mâ””[39m
",
  "[999D[4A",
  "[1B",
  "[J",
  "[32mâ—‡[39m  foo
[90mâ”‚[39m[2m[22m",
  "
",
  "[?25h",
]
`;

exports[`password (isCI = true) > renders and clears validation errors 1`] = `
[
  "[?25l",
  "[90mâ”‚[39m
[36mâ—†[39m  foo
[36mâ”‚[39m  [7m[8m_[28m[27m
[36mâ””[39m
",
  "[999D[4A",
  "[2B",
  "[2K[G",
  "[36mâ”‚[39m  â–ª[7m[8m_[28m[27m",
  "[2B",
  "[999D[4A",
  "[1B",
  "[J",
  "[33mâ–²[39m  foo
[33mâ”‚[39m  â–ª
[33mâ””[39m  [33mPassword must be at least 2 characters[39m
",
  "[999D[4A",
  "[1B",
  "[J",
  "[36mâ—†[39m  foo
[36mâ”‚[39m  â–ªâ–ª[7m[8m_[28m[27m
[36mâ””[39m
",
  "[999D[4A",
  "[1B",
  "[J",
  "[32mâ—‡[39m  foo
[90mâ”‚[39m  [2mâ–ªâ–ª[22m",
  "
",
  "[?25h",
]
`;

exports[`password (isCI = true) > renders cancelled value 1`] = `
[
  "[?25l",
  "[90mâ”‚[39m
[36mâ—†[39m  foo
[36mâ”‚[39m  [7m[8m_[28m[27m
[36mâ””[39m
",
  "[999D[4A",
  "[2B",
  "[2K[G",
  "[36mâ”‚[39m  â–ª[7m[8m_[28m[27m",
  "[2B",
  "[999D[4A",
  "[1B",
  "[J",
  "[31mâ– [39m  foo
[90mâ”‚[39m  [9m[2mâ–ª[22m[29m
[90mâ”‚[39m",
  "
",
  "[?25h",
]
`;

exports[`password (isCI = true) > renders custom mask 1`] = `
[
  "[?25l",
  "[90mâ”‚[39m
[36mâ—†[39m  foo
[36mâ”‚[39m  [7m[8m_[28m[27m
[36mâ””[39m
",
  "[999D[4A",
  "[2B",
  "[2K[G",
  "[36mâ”‚[39m  *[7m[8m_[28m[27m",
  "[2B",
  "[999D[4A",
  "[2B",
  "[2K[G",
  "[36mâ”‚[39m  **[7m[8m_[28m[27m",
  "[2B",
  "[999D[4A",
  "[1B",
  "[J",
  "[32mâ—‡[39m  foo
[90mâ”‚[39m  [2m**[22m",
  "
",
  "[?25h",
]
`;

exports[`password (isCI = true) > renders masked value 1`] = `
[
  "[?25l",
  "[90mâ”‚[39m
[36mâ—†[39m  foo
[36mâ”‚[39m  [7m[8m_[28m[27m
[36mâ””[39m
",
  "[999D[4A",
  "[2B",
  "[2K[G",
  "[36mâ”‚[39m  â–ª[7m[8m_[28m[27m",
  "[2B",
  "[999D[4A",
  "[2B",
  "[2K[G",
  "[36mâ”‚[39m  â–ªâ–ª[7m[8m_[28m[27m",
  "[2B",
  "[999D[4A",
  "[1B",
  "[J",
  "[32mâ—‡[39m  foo
[90mâ”‚[39m  [2mâ–ªâ–ª[22m",
  "
",
  "[?25h",
]
`;

exports[`password (isCI = true) > renders message 1`] = `
[
  "[?25l",
  "[90mâ”‚[39m
[36mâ—†[39m  foo
[36mâ”‚[39m  [7m[8m_[28m[27m
[36mâ””[39m
",
  "[999D[4A",
  "[1B",
  "[J",
  "[32mâ—‡[39m  foo
[90mâ”‚[39m[2m[22m",
  "
",
  "[?25h",
]
`;
