// Vitest Snapshot v1, https://vitest.dev/guide/snapshot.html

exports[`taskLog (isCI = false) > error > clears output if showLog = false 1`] = `
[
  "[2mâ”‚[22m
",
  "[32mâ—‡[39m  foo
",
  "[2mâ”‚[22m
",
  "[2mâ”‚[22m  [2mline 0[22m
",
  "[2K[1A[2K[G",
  "[2mâ”‚[22m  [2mline 0[22m
[2mâ”‚[22m  [2mline 1[22m
",
  "[2K[1A[2K[1A[2K[1A[2K[1A[2K[1A[2K[G",
  "[2mâ”‚[22m
[31mâ– [39m  some error!
",
]
`;

exports[`taskLog (isCI = false) > error > renders output with message 1`] = `
[
  "[2mâ”‚[22m
",
  "[32mâ—‡[39m  foo
",
  "[2mâ”‚[22m
",
  "[2mâ”‚[22m  [2mline 0[22m
",
  "[2K[1A[2K[G",
  "[2mâ”‚[22m  [2mline 0[22m
[2mâ”‚[22m  [2mline 1[22m
",
  "[2K[1A[2K[1A[2K[1A[2K[1A[2K[1A[2K[G",
  "[2mâ”‚[22m
[31mâ– [39m  some error!
",
  "[2mâ”‚[22m
[2mâ”‚[22m  [2mline 0[22m
[2mâ”‚[22m  [2mline 1[22m
",
]
`;

exports[`taskLog (isCI = false) > message > can write line by line 1`] = `
[
  "[2mâ”‚[22m
",
  "[32mâ—‡[39m  foo
",
  "[2mâ”‚[22m
",
  "[2mâ”‚[22m  [2mline 0[22m
",
  "[2K[1A[2K[G",
  "[2mâ”‚[22m  [2mline 0[22m
[2mâ”‚[22m  [2mline 1[22m
",
]
`;

exports[`taskLog (isCI = false) > message > can write multiple lines 1`] = `
[
  "[2mâ”‚[22m
",
  "[32mâ—‡[39m  foo
",
  "[2mâ”‚[22m
",
  "[2mâ”‚[22m  [2mline 0[22m
[2mâ”‚[22m  [2mline 1[22m
",
]
`;

exports[`taskLog (isCI = false) > message > enforces limit if set 1`] = `
[
  "[2mâ”‚[22m
",
  "[32mâ—‡[39m  foo
",
  "[2mâ”‚[22m
",
  "[2mâ”‚[22m  [2mline 0[22m
",
  "[2K[1A[2K[G",
  "[2mâ”‚[22m  [2mline 0[22m
[2mâ”‚[22m  [2mline 1[22m
",
  "[2K[1A[2K[1A[2K[G",
  "[2mâ”‚[22m  [2mline 1[22m
[2mâ”‚[22m  [2mline 2[22m
",
]
`;

exports[`taskLog (isCI = false) > message > prints empty lines 1`] = `
[
  "[2mâ”‚[22m
",
  "[32mâ—‡[39m  foo
",
  "[2mâ”‚[22m
",
  "[2mâ”‚[22m  [2m[22m
",
  "[2mâ”‚[22m  [2mline 1[22m
",
  "[2K[1A[2K[G",
  "[2mâ”‚[22m  [2mline 1[22m
[2mâ”‚[22m  [2m[22m
",
  "[2K[1A[2K[1A[2K[G",
  "[2mâ”‚[22m  [2mline 1[22m
[2mâ”‚[22m  [2m[22m
[2mâ”‚[22m  [2mline 3[22m
",
]
`;

exports[`taskLog (isCI = false) > message > raw = true appends message text until newline 1`] = `
[
  "[2mâ”‚[22m
",
  "[32mâ—‡[39m  foo
",
  "[2mâ”‚[22m
",
  "[2mâ”‚[22m  [2mline 0[22m
",
  "[2K[1A[2K[G",
  "[2mâ”‚[22m  [2mline 0still line 0[22m
",
  "[2K[1A[2K[G",
  "[2mâ”‚[22m  [2mline 0still line 0[22m
[2mâ”‚[22m  [2mline 1[22m
",
]
`;

exports[`taskLog (isCI = false) > message > raw = true works when mixed with non-raw messages 1`] = `
[
  "[2mâ”‚[22m
",
  "[32mâ—‡[39m  foo
",
  "[2mâ”‚[22m
",
  "[2mâ”‚[22m  [2mline 0[22m
",
  "[2K[1A[2K[G",
  "[2mâ”‚[22m  [2mline 0still line 0[22m
",
  "[2K[1A[2K[G",
  "[2mâ”‚[22m  [2mline 0still line 0[22m
[2mâ”‚[22m  [2mline 1[22m
",
]
`;

exports[`taskLog (isCI = false) > message > raw = true works when started with non-raw messages 1`] = `
[
  "[2mâ”‚[22m
",
  "[32mâ—‡[39m  foo
",
  "[2mâ”‚[22m
",
  "[2mâ”‚[22m  [2mline 0[22m
",
  "[2K[1A[2K[G",
  "[2mâ”‚[22m  [2mline 0[22m
[2mâ”‚[22m  [2mline 1[22m
",
  "[2K[1A[2K[1A[2K[G",
  "[2mâ”‚[22m  [2mline 0[22m
[2mâ”‚[22m  [2mline 1still line 1[22m
",
]
`;

exports[`taskLog (isCI = false) > retainLog > error > outputs limited log with limit by default 1`] = `
[
  "[2mâ”‚[22m
",
  "[32mâ—‡[39m  foo
",
  "[2mâ”‚[22m
",
  "[2mâ”‚[22m  [2mline 0[22m
",
  "[2K[1A[2K[G",
  "[2mâ”‚[22m  [2mline 0[22m
[2mâ”‚[22m  [2mline 1[22m
",
  "[2K[1A[2K[1A[2K[G",
  "[2mâ”‚[22m  [2mline 1[22m
[2mâ”‚[22m  [2mline 2[22m
",
  "[2K[1A[2K[1A[2K[G",
  "[2mâ”‚[22m  [2mline 2[22m
[2mâ”‚[22m  [2mline 3[22m
",
  "[2K[1A[2K[1A[2K[1A[2K[1A[2K[1A[2K[G",
  "[2mâ”‚[22m
[31mâ– [39m  woo!
",
  "[2mâ”‚[22m
[2mâ”‚[22m  [2mline 2[22m
[2mâ”‚[22m  [2mline 3[22m
",
]
`;

exports[`taskLog (isCI = false) > retainLog > error > retainLog = false outputs full log without limit 1`] = `
[
  "[2mâ”‚[22m
",
  "[32mâ—‡[39m  foo
",
  "[2mâ”‚[22m
",
  "[2mâ”‚[22m  [2mline 0[22m
",
  "[2K[1A[2K[G",
  "[2mâ”‚[22m  [2mline 0[22m
[2mâ”‚[22m  [2mline 1[22m
",
  "[2K[1A[2K[1A[2K[G",
  "[2mâ”‚[22m  [2mline 0[22m
[2mâ”‚[22m  [2mline 1[22m
[2mâ”‚[22m  [2mline 2[22m
",
  "[2K[1A[2K[1A[2K[1A[2K[G",
  "[2mâ”‚[22m  [2mline 0[22m
[2mâ”‚[22m  [2mline 1[22m
[2mâ”‚[22m  [2mline 2[22m
[2mâ”‚[22m  [2mline 3[22m
",
  "[2K[1A[2K[1A[2K[1A[2K[1A[2K[1A[2K[1A[2K[1A[2K[G",
  "[2mâ”‚[22m
[31mâ– [39m  woo!
",
  "[2mâ”‚[22m
[2mâ”‚[22m  [2mline 0[22m
[2mâ”‚[22m  [2mline 1[22m
[2mâ”‚[22m  [2mline 2[22m
[2mâ”‚[22m  [2mline 3[22m
",
]
`;

exports[`taskLog (isCI = false) > retainLog > error > retainLog = false outputs limited log with limit 1`] = `
[
  "[2mâ”‚[22m
",
  "[32mâ—‡[39m  foo
",
  "[2mâ”‚[22m
",
  "[2mâ”‚[22m  [2mline 0[22m
",
  "[2K[1A[2K[G",
  "[2mâ”‚[22m  [2mline 0[22m
[2mâ”‚[22m  [2mline 1[22m
",
  "[2K[1A[2K[1A[2K[G",
  "[2mâ”‚[22m  [2mline 1[22m
[2mâ”‚[22m  [2mline 2[22m
",
  "[2K[1A[2K[1A[2K[G",
  "[2mâ”‚[22m  [2mline 2[22m
[2mâ”‚[22m  [2mline 3[22m
",
  "[2K[1A[2K[1A[2K[1A[2K[1A[2K[1A[2K[G",
  "[2mâ”‚[22m
[31mâ– [39m  woo!
",
  "[2mâ”‚[22m
[2mâ”‚[22m  [2mline 2[22m
[2mâ”‚[22m  [2mline 3[22m
",
]
`;

exports[`taskLog (isCI = false) > retainLog > error > retainLog = true outputs full log 1`] = `
[
  "[2mâ”‚[22m
",
  "[32mâ—‡[39m  foo
",
  "[2mâ”‚[22m
",
  "[2mâ”‚[22m  [2mline 0[22m
",
  "[2K[1A[2K[G",
  "[2mâ”‚[22m  [2mline 0[22m
[2mâ”‚[22m  [2mline 1[22m
",
  "[2K[1A[2K[1A[2K[G",
  "[2mâ”‚[22m  [2mline 0[22m
[2mâ”‚[22m  [2mline 1[22m
[2mâ”‚[22m  [2mline 2[22m
",
  "[2K[1A[2K[1A[2K[1A[2K[G",
  "[2mâ”‚[22m  [2mline 0[22m
[2mâ”‚[22m  [2mline 1[22m
[2mâ”‚[22m  [2mline 2[22m
[2mâ”‚[22m  [2mline 3[22m
",
  "[2K[1A[2K[1A[2K[1A[2K[1A[2K[1A[2K[1A[2K[1A[2K[G",
  "[2mâ”‚[22m
[31mâ– [39m  woo!
",
  "[2mâ”‚[22m
[2mâ”‚[22m  [2mline 0[22m
[2mâ”‚[22m  [2mline 1[22m
[2mâ”‚[22m  [2mline 2[22m
[2mâ”‚[22m  [2mline 3[22m
",
]
`;

exports[`taskLog (isCI = false) > retainLog > error > retainLog = true outputs full log with limit 1`] = `
[
  "[2mâ”‚[22m
",
  "[32mâ—‡[39m  foo
",
  "[2mâ”‚[22m
",
  "[2mâ”‚[22m  [2mline 0[22m
",
  "[2K[1A[2K[G",
  "[2mâ”‚[22m  [2mline 0[22m
[2mâ”‚[22m  [2mline 1[22m
",
  "[2K[1A[2K[1A[2K[G",
  "[2mâ”‚[22m  [2mline 1[22m
[2mâ”‚[22m  [2mline 2[22m
",
  "[2K[1A[2K[1A[2K[G",
  "[2mâ”‚[22m  [2mline 2[22m
[2mâ”‚[22m  [2mline 3[22m
",
  "[2K[1A[2K[1A[2K[1A[2K[1A[2K[1A[2K[G",
  "[2mâ”‚[22m
[31mâ– [39m  woo!
",
  "[2mâ”‚[22m
[2mâ”‚[22m  [2mline 0[22m
[2mâ”‚[22m  [2mline 1[22m
[2mâ”‚[22m  [2mline 2[22m
[2mâ”‚[22m  [2mline 3[22m
",
]
`;

exports[`taskLog (isCI = false) > retainLog > success > outputs limited log with limit by default 1`] = `
[
  "[2mâ”‚[22m
",
  "[32mâ—‡[39m  foo
",
  "[2mâ”‚[22m
",
  "[2mâ”‚[22m  [2mline 0[22m
",
  "[2K[1A[2K[G",
  "[2mâ”‚[22m  [2mline 0[22m
[2mâ”‚[22m  [2mline 1[22m
",
  "[2K[1A[2K[1A[2K[G",
  "[2mâ”‚[22m  [2mline 1[22m
[2mâ”‚[22m  [2mline 2[22m
",
  "[2K[1A[2K[1A[2K[G",
  "[2mâ”‚[22m  [2mline 2[22m
[2mâ”‚[22m  [2mline 3[22m
",
  "[2K[1A[2K[1A[2K[1A[2K[1A[2K[1A[2K[G",
  "[2mâ”‚[22m
[32mâ—†[39m  woo!
",
  "[2mâ”‚[22m
[2mâ”‚[22m  [2mline 2[22m
[2mâ”‚[22m  [2mline 3[22m
",
]
`;

exports[`taskLog (isCI = false) > retainLog > success > retainLog = false outputs full log without limit 1`] = `
[
  "[2mâ”‚[22m
",
  "[32mâ—‡[39m  foo
",
  "[2mâ”‚[22m
",
  "[2mâ”‚[22m  [2mline 0[22m
",
  "[2K[1A[2K[G",
  "[2mâ”‚[22m  [2mline 0[22m
[2mâ”‚[22m  [2mline 1[22m
",
  "[2K[1A[2K[1A[2K[G",
  "[2mâ”‚[22m  [2mline 0[22m
[2mâ”‚[22m  [2mline 1[22m
[2mâ”‚[22m  [2mline 2[22m
",
  "[2K[1A[2K[1A[2K[1A[2K[G",
  "[2mâ”‚[22m  [2mline 0[22m
[2mâ”‚[22m  [2mline 1[22m
[2mâ”‚[22m  [2mline 2[22m
[2mâ”‚[22m  [2mline 3[22m
",
  "[2K[1A[2K[1A[2K[1A[2K[1A[2K[1A[2K[1A[2K[1A[2K[G",
  "[2mâ”‚[22m
[32mâ—†[39m  woo!
",
  "[2mâ”‚[22m
[2mâ”‚[22m  [2mline 0[22m
[2mâ”‚[22m  [2mline 1[22m
[2mâ”‚[22m  [2mline 2[22m
[2mâ”‚[22m  [2mline 3[22m
",
]
`;

exports[`taskLog (isCI = false) > retainLog > success > retainLog = false outputs limited log with limit 1`] = `
[
  "[2mâ”‚[22m
",
  "[32mâ—‡[39m  foo
",
  "[2mâ”‚[22m
",
  "[2mâ”‚[22m  [2mline 0[22m
",
  "[2K[1A[2K[G",
  "[2mâ”‚[22m  [2mline 0[22m
[2mâ”‚[22m  [2mline 1[22m
",
  "[2K[1A[2K[1A[2K[G",
  "[2mâ”‚[22m  [2mline 1[22m
[2mâ”‚[22m  [2mline 2[22m
",
  "[2K[1A[2K[1A[2K[G",
  "[2mâ”‚[22m  [2mline 2[22m
[2mâ”‚[22m  [2mline 3[22m
",
  "[2K[1A[2K[1A[2K[1A[2K[1A[2K[1A[2K[G",
  "[2mâ”‚[22m
[32mâ—†[39m  woo!
",
  "[2mâ”‚[22m
[2mâ”‚[22m  [2mline 2[22m
[2mâ”‚[22m  [2mline 3[22m
",
]
`;

exports[`taskLog (isCI = false) > retainLog > success > retainLog = true outputs full log 1`] = `
[
  "[2mâ”‚[22m
",
  "[32mâ—‡[39m  foo
",
  "[2mâ”‚[22m
",
  "[2mâ”‚[22m  [2mline 0[22m
",
  "[2K[1A[2K[G",
  "[2mâ”‚[22m  [2mline 0[22m
[2mâ”‚[22m  [2mline 1[22m
",
  "[2K[1A[2K[1A[2K[G",
  "[2mâ”‚[22m  [2mline 0[22m
[2mâ”‚[22m  [2mline 1[22m
[2mâ”‚[22m  [2mline 2[22m
",
  "[2K[1A[2K[1A[2K[1A[2K[G",
  "[2mâ”‚[22m  [2mline 0[22m
[2mâ”‚[22m  [2mline 1[22m
[2mâ”‚[22m  [2mline 2[22m
[2mâ”‚[22m  [2mline 3[22m
",
  "[2K[1A[2K[1A[2K[1A[2K[1A[2K[1A[2K[1A[2K[1A[2K[G",
  "[2mâ”‚[22m
[32mâ—†[39m  woo!
",
  "[2mâ”‚[22m
[2mâ”‚[22m  [2mline 0[22m
[2mâ”‚[22m  [2mline 1[22m
[2mâ”‚[22m  [2mline 2[22m
[2mâ”‚[22m  [2mline 3[22m
",
]
`;

exports[`taskLog (isCI = false) > retainLog > success > retainLog = true outputs full log with limit 1`] = `
[
  "[2mâ”‚[22m
",
  "[32mâ—‡[39m  foo
",
  "[2mâ”‚[22m
",
  "[2mâ”‚[22m  [2mline 0[22m
",
  "[2K[1A[2K[G",
  "[2mâ”‚[22m  [2mline 0[22m
[2mâ”‚[22m  [2mline 1[22m
",
  "[2K[1A[2K[1A[2K[G",
  "[2mâ”‚[22m  [2mline 1[22m
[2mâ”‚[22m  [2mline 2[22m
",
  "[2K[1A[2K[1A[2K[G",
  "[2mâ”‚[22m  [2mline 2[22m
[2mâ”‚[22m  [2mline 3[22m
",
  "[2K[1A[2K[1A[2K[1A[2K[1A[2K[1A[2K[G",
  "[2mâ”‚[22m
[32mâ—†[39m  woo!
",
  "[2mâ”‚[22m
[2mâ”‚[22m  [2mline 0[22m
[2mâ”‚[22m  [2mline 1[22m
[2mâ”‚[22m  [2mline 2[22m
[2mâ”‚[22m  [2mline 3[22m
",
]
`;

exports[`taskLog (isCI = false) > success > clears output and renders message 1`] = `
[
  "[2mâ”‚[22m
",
  "[32mâ—‡[39m  foo
",
  "[2mâ”‚[22m
",
  "[2mâ”‚[22m  [2mline 0[22m
",
  "[2K[1A[2K[G",
  "[2mâ”‚[22m  [2mline 0[22m
[2mâ”‚[22m  [2mline 1[22m
",
  "[2K[1A[2K[1A[2K[1A[2K[1A[2K[1A[2K[G",
  "[2mâ”‚[22m
[32mâ—†[39m  success!
",
]
`;

exports[`taskLog (isCI = false) > success > renders output if showLog = true 1`] = `
[
  "[2mâ”‚[22m
",
  "[32mâ—‡[39m  foo
",
  "[2mâ”‚[22m
",
  "[2mâ”‚[22m  [2mline 0[22m
",
  "[2K[1A[2K[G",
  "[2mâ”‚[22m  [2mline 0[22m
[2mâ”‚[22m  [2mline 1[22m
",
  "[2K[1A[2K[1A[2K[1A[2K[1A[2K[1A[2K[G",
  "[2mâ”‚[22m
[32mâ—†[39m  success!
",
  "[2mâ”‚[22m
[2mâ”‚[22m  [2mline 0[22m
[2mâ”‚[22m  [2mline 1[22m
",
]
`;

exports[`taskLog (isCI = false) > writes message header 1`] = `
[
  "[2mâ”‚[22m
",
  "[32mâ—‡[39m  foo
",
  "[2mâ”‚[22m
",
]
`;

exports[`taskLog (isCI = true) > error > clears output if showLog = false 1`] = `
[
  "[2mâ”‚[22m
",
  "[32mâ—‡[39m  foo
",
  "[2mâ”‚[22m
",
  "[2K[1A[2K[G",
  "[2K[1A[2K[1A[2K[1A[2K[1A[2K[1A[2K[G",
  "[2mâ”‚[22m
[31mâ– [39m  some error!
",
]
`;

exports[`taskLog (isCI = true) > error > renders output with message 1`] = `
[
  "[2mâ”‚[22m
",
  "[32mâ—‡[39m  foo
",
  "[2mâ”‚[22m
",
  "[2K[1A[2K[G",
  "[2K[1A[2K[1A[2K[1A[2K[1A[2K[1A[2K[G",
  "[2mâ”‚[22m
[31mâ– [39m  some error!
",
  "[2mâ”‚[22m
[2mâ”‚[22m  [2mline 0[22m
[2mâ”‚[22m  [2mline 1[22m
",
]
`;

exports[`taskLog (isCI = true) > message > can write line by line 1`] = `
[
  "[2mâ”‚[22m
",
  "[32mâ—‡[39m  foo
",
  "[2mâ”‚[22m
",
  "[2K[1A[2K[G",
]
`;

exports[`taskLog (isCI = true) > message > can write multiple lines 1`] = `
[
  "[2mâ”‚[22m
",
  "[32mâ—‡[39m  foo
",
  "[2mâ”‚[22m
",
]
`;

exports[`taskLog (isCI = true) > message > enforces limit if set 1`] = `
[
  "[2mâ”‚[22m
",
  "[32mâ—‡[39m  foo
",
  "[2mâ”‚[22m
",
  "[2K[1A[2K[G",
  "[2K[1A[2K[1A[2K[G",
]
`;

exports[`taskLog (isCI = true) > message > prints empty lines 1`] = `
[
  "[2mâ”‚[22m
",
  "[32mâ—‡[39m  foo
",
  "[2mâ”‚[22m
",
  "[2K[1A[2K[G",
  "[2K[1A[2K[1A[2K[G",
]
`;

exports[`taskLog (isCI = true) > message > raw = true appends message text until newline 1`] = `
[
  "[2mâ”‚[22m
",
  "[32mâ—‡[39m  foo
",
  "[2mâ”‚[22m
",
  "[2K[1A[2K[G",
  "[2K[1A[2K[G",
]
`;

exports[`taskLog (isCI = true) > message > raw = true works when mixed with non-raw messages 1`] = `
[
  "[2mâ”‚[22m
",
  "[32mâ—‡[39m  foo
",
  "[2mâ”‚[22m
",
  "[2K[1A[2K[G",
  "[2K[1A[2K[G",
]
`;

exports[`taskLog (isCI = true) > message > raw = true works when started with non-raw messages 1`] = `
[
  "[2mâ”‚[22m
",
  "[32mâ—‡[39m  foo
",
  "[2mâ”‚[22m
",
  "[2K[1A[2K[G",
  "[2K[1A[2K[1A[2K[G",
]
`;

exports[`taskLog (isCI = true) > retainLog > error > outputs limited log with limit by default 1`] = `
[
  "[2mâ”‚[22m
",
  "[32mâ—‡[39m  foo
",
  "[2mâ”‚[22m
",
  "[2K[1A[2K[G",
  "[2K[1A[2K[1A[2K[G",
  "[2K[1A[2K[1A[2K[G",
  "[2K[1A[2K[1A[2K[1A[2K[1A[2K[1A[2K[G",
  "[2mâ”‚[22m
[31mâ– [39m  woo!
",
  "[2mâ”‚[22m
[2mâ”‚[22m  [2mline 2[22m
[2mâ”‚[22m  [2mline 3[22m
",
]
`;

exports[`taskLog (isCI = true) > retainLog > error > retainLog = false outputs full log without limit 1`] = `
[
  "[2mâ”‚[22m
",
  "[32mâ—‡[39m  foo
",
  "[2mâ”‚[22m
",
  "[2K[1A[2K[G",
  "[2K[1A[2K[1A[2K[G",
  "[2K[1A[2K[1A[2K[1A[2K[G",
  "[2K[1A[2K[1A[2K[1A[2K[1A[2K[1A[2K[1A[2K[1A[2K[G",
  "[2mâ”‚[22m
[31mâ– [39m  woo!
",
  "[2mâ”‚[22m
[2mâ”‚[22m  [2mline 0[22m
[2mâ”‚[22m  [2mline 1[22m
[2mâ”‚[22m  [2mline 2[22m
[2mâ”‚[22m  [2mline 3[22m
",
]
`;

exports[`taskLog (isCI = true) > retainLog > error > retainLog = false outputs limited log with limit 1`] = `
[
  "[2mâ”‚[22m
",
  "[32mâ—‡[39m  foo
",
  "[2mâ”‚[22m
",
  "[2K[1A[2K[G",
  "[2K[1A[2K[1A[2K[G",
  "[2K[1A[2K[1A[2K[G",
  "[2K[1A[2K[1A[2K[1A[2K[1A[2K[1A[2K[G",
  "[2mâ”‚[22m
[31mâ– [39m  woo!
",
  "[2mâ”‚[22m
[2mâ”‚[22m  [2mline 2[22m
[2mâ”‚[22m  [2mline 3[22m
",
]
`;

exports[`taskLog (isCI = true) > retainLog > error > retainLog = true outputs full log 1`] = `
[
  "[2mâ”‚[22m
",
  "[32mâ—‡[39m  foo
",
  "[2mâ”‚[22m
",
  "[2K[1A[2K[G",
  "[2K[1A[2K[1A[2K[G",
  "[2K[1A[2K[1A[2K[1A[2K[G",
  "[2K[1A[2K[1A[2K[1A[2K[1A[2K[1A[2K[1A[2K[1A[2K[G",
  "[2mâ”‚[22m
[31mâ– [39m  woo!
",
  "[2mâ”‚[22m
[2mâ”‚[22m  [2mline 0[22m
[2mâ”‚[22m  [2mline 1[22m
[2mâ”‚[22m  [2mline 2[22m
[2mâ”‚[22m  [2mline 3[22m
",
]
`;

exports[`taskLog (isCI = true) > retainLog > error > retainLog = true outputs full log with limit 1`] = `
[
  "[2mâ”‚[22m
",
  "[32mâ—‡[39m  foo
",
  "[2mâ”‚[22m
",
  "[2K[1A[2K[G",
  "[2K[1A[2K[1A[2K[G",
  "[2K[1A[2K[1A[2K[G",
  "[2K[1A[2K[1A[2K[1A[2K[1A[2K[1A[2K[G",
  "[2mâ”‚[22m
[31mâ– [39m  woo!
",
  "[2mâ”‚[22m
[2mâ”‚[22m  [2mline 0[22m
[2mâ”‚[22m  [2mline 1[22m
[2mâ”‚[22m  [2mline 2[22m
[2mâ”‚[22m  [2mline 3[22m
",
]
`;

exports[`taskLog (isCI = true) > retainLog > success > outputs limited log with limit by default 1`] = `
[
  "[2mâ”‚[22m
",
  "[32mâ—‡[39m  foo
",
  "[2mâ”‚[22m
",
  "[2K[1A[2K[G",
  "[2K[1A[2K[1A[2K[G",
  "[2K[1A[2K[1A[2K[G",
  "[2K[1A[2K[1A[2K[1A[2K[1A[2K[1A[2K[G",
  "[2mâ”‚[22m
[32mâ—†[39m  woo!
",
  "[2mâ”‚[22m
[2mâ”‚[22m  [2mline 2[22m
[2mâ”‚[22m  [2mline 3[22m
",
]
`;

exports[`taskLog (isCI = true) > retainLog > success > retainLog = false outputs full log without limit 1`] = `
[
  "[2mâ”‚[22m
",
  "[32mâ—‡[39m  foo
",
  "[2mâ”‚[22m
",
  "[2K[1A[2K[G",
  "[2K[1A[2K[1A[2K[G",
  "[2K[1A[2K[1A[2K[1A[2K[G",
  "[2K[1A[2K[1A[2K[1A[2K[1A[2K[1A[2K[1A[2K[1A[2K[G",
  "[2mâ”‚[22m
[32mâ—†[39m  woo!
",
  "[2mâ”‚[22m
[2mâ”‚[22m  [2mline 0[22m
[2mâ”‚[22m  [2mline 1[22m
[2mâ”‚[22m  [2mline 2[22m
[2mâ”‚[22m  [2mline 3[22m
",
]
`;

exports[`taskLog (isCI = true) > retainLog > success > retainLog = false outputs limited log with limit 1`] = `
[
  "[2mâ”‚[22m
",
  "[32mâ—‡[39m  foo
",
  "[2mâ”‚[22m
",
  "[2K[1A[2K[G",
  "[2K[1A[2K[1A[2K[G",
  "[2K[1A[2K[1A[2K[G",
  "[2K[1A[2K[1A[2K[1A[2K[1A[2K[1A[2K[G",
  "[2mâ”‚[22m
[32mâ—†[39m  woo!
",
  "[2mâ”‚[22m
[2mâ”‚[22m  [2mline 2[22m
[2mâ”‚[22m  [2mline 3[22m
",
]
`;

exports[`taskLog (isCI = true) > retainLog > success > retainLog = true outputs full log 1`] = `
[
  "[2mâ”‚[22m
",
  "[32mâ—‡[39m  foo
",
  "[2mâ”‚[22m
",
  "[2K[1A[2K[G",
  "[2K[1A[2K[1A[2K[G",
  "[2K[1A[2K[1A[2K[1A[2K[G",
  "[2K[1A[2K[1A[2K[1A[2K[1A[2K[1A[2K[1A[2K[1A[2K[G",
  "[2mâ”‚[22m
[32mâ—†[39m  woo!
",
  "[2mâ”‚[22m
[2mâ”‚[22m  [2mline 0[22m
[2mâ”‚[22m  [2mline 1[22m
[2mâ”‚[22m  [2mline 2[22m
[2mâ”‚[22m  [2mline 3[22m
",
]
`;

exports[`taskLog (isCI = true) > retainLog > success > retainLog = true outputs full log with limit 1`] = `
[
  "[2mâ”‚[22m
",
  "[32mâ—‡[39m  foo
",
  "[2mâ”‚[22m
",
  "[2K[1A[2K[G",
  "[2K[1A[2K[1A[2K[G",
  "[2K[1A[2K[1A[2K[G",
  "[2K[1A[2K[1A[2K[1A[2K[1A[2K[1A[2K[G",
  "[2mâ”‚[22m
[32mâ—†[39m  woo!
",
  "[2mâ”‚[22m
[2mâ”‚[22m  [2mline 0[22m
[2mâ”‚[22m  [2mline 1[22m
[2mâ”‚[22m  [2mline 2[22m
[2mâ”‚[22m  [2mline 3[22m
",
]
`;

exports[`taskLog (isCI = true) > success > clears output and renders message 1`] = `
[
  "[2mâ”‚[22m
",
  "[32mâ—‡[39m  foo
",
  "[2mâ”‚[22m
",
  "[2K[1A[2K[G",
  "[2K[1A[2K[1A[2K[1A[2K[1A[2K[1A[2K[G",
  "[2mâ”‚[22m
[32mâ—†[39m  success!
",
]
`;

exports[`taskLog (isCI = true) > success > renders output if showLog = true 1`] = `
[
  "[2mâ”‚[22m
",
  "[32mâ—‡[39m  foo
",
  "[2mâ”‚[22m
",
  "[2K[1A[2K[G",
  "[2K[1A[2K[1A[2K[1A[2K[1A[2K[1A[2K[G",
  "[2mâ”‚[22m
[32mâ—†[39m  success!
",
  "[2mâ”‚[22m
[2mâ”‚[22m  [2mline 0[22m
[2mâ”‚[22m  [2mline 1[22m
",
]
`;

exports[`taskLog (isCI = true) > writes message header 1`] = `
[
  "[2mâ”‚[22m
",
  "[32mâ—‡[39m  foo
",
  "[2mâ”‚[22m
",
]
`;
